Function: foo
===== CFG =====
Basic block %entry

===============

Function: main
===== CFG =====
Basic block %entry

===============

Clearing stored value because of call:   %x = alloca i32, align 4
Dead store candidate:
  store i32 2, ptr %y, align 4
Dead store at end:
  store i32 3, ptr %x, align 4
Dead store at end:
  store i32 0, ptr %retval, align 4
Dead store at end:
  store i32 4, ptr %y, align 4
Deleting:   store i32 2, ptr %y, align 4
Deleting:   store i32 3, ptr %x, align 4
Deleting:   store i32 0, ptr %retval, align 4
Deleting:   store i32 4, ptr %y, align 4
